Mon Sep 28 10:37:27 2026 | Worker initialization...
Mon Sep 28 10:37:27 2026 | Testing current configuration...
Mon Sep 28 10:37:31 2026 | Testing finished. No errors found.
Mon Sep 28 10:37:31 2026 | Logging directory: //logs/worker.log
Mon Sep 28 10:37:31 2026 | Successfully connected to the queue.
Mon Sep 28 10:37:31 2026 | Landlock restrictions initialized successfully.
Mon Sep 28 10:37:31 2026 | Waiting for messages. To exit press CTRL+C
Mon Sep 28 10:38:32 2026 | Received b'{"submission_id":"92","submission_type":"recheck","user_id":1,"problem_id":1,"submission_lang":"py","tests":[{"TEST_ID":1,"test_author_id":1,"problem_id":1,"max_time":2,"max_memory":256,"weight":10}],"listenerUrl":"http:\\/\\/web","submission_time":"2026-09-28 12:38:32","submission_file":"UEsDBBQAAAAAANBUPF0AAAAAAAAAAAAAAAAFAAAAY29kZS9QSwMEFAACAAgA0FQ8XQ48uHbtAAAAhAEAAAoAAABjb2RlLzkyLnB5XY7BasMwEETvBv\\/D4pMEQiRpSoMhhx5aKC3k0N6CEa6yaURqyUgb0hDy75VstzGZuWiH1Zs1Tes8QXB6j5RneUa1\\/0IKsIR1nkEUK6aycyFgPr\\/j4i9eyM4xvh+l09mDnESn9cUk5VXCbp2HnQskoOszFoaisv9I\\/jS8ko6GdsNNUnusCZV21qIm4yxjVxAXQKZBd6DljI8ASa03lti2WD8\\/vrxVYJGOzu\\/hCoJw0Bpxg5sSzol5Kc8Jeil4T8IfjS0BW70\\/ee+8gI++q5s41AFw1Pnft3qt4PM7XX8LjiOdWmTIpVK2blCpWPYLUEsDBBQAAAAAANBUPF0AAAAAAAAAAAAAAAAFAAAAbWlzYy9QSwMEFAAAAAAA0FQ8XQAAAAAAAAAAAAAAAAcAAABvdXRwdXQvUEsDBBQAAAAAANBUPF0AAAAAAAAAAAAAAAAFAAAAdGltZS9QSwECPwMUAAAAAADQVDxdAAAAAAAAAAAAAAAABQAAAAAAAAAAAAAA\\/0EAAAAAY29kZS9QSwECPwMUAAIACADQVDxdDjy4du0AAACEAQAACgAAAAAAAAAAAAAApIEjAAAAY29kZS85Mi5weVBLAQI\\/AxQAAAAAANBUPF0AAAAAAAAAAAAAAAAFAAAAAAAAAAAAAAD\\/QTgBAABtaXNjL1BLAQI\\/AxQAAAAAANBUPF0AAAAAAAAAAAAAAAAHAAAAAAAAAAAAAAD\\/QVsBAABvdXRwdXQvUEsBAj8DFAAAAAAA0FQ8XQAAAAAAAAAAAAAAAAUAAAAAAAAAAAAAAP9BgAEAAHRpbWUvUEsFBgAAAAAFAAUABgEAAKMBAAAAAA=="}'
Mon Sep 28 10:38:32 2026 | Preparing inout for submission 92...
Mon Sep 28 10:38:32 2026 | Inout set for submission 92 has been found in  /worker/inout/1
Mon Sep 28 10:38:32 2026 | Unpacking user's submission to problem 1 received from http://web...
Mon Sep 28 10:38:32 2026 | Executing PYTHON script.
Mon Sep 28 10:38:32 2026 | Testing submission 92 (test 1)
Mon Sep 28 10:38:46 2026 | Received b'{"submission_id":"93","submission_type":"recheck","user_id":1,"problem_id":1,"submission_lang":"java","tests":[{"TEST_ID":1,"test_author_id":1,"problem_id":1,"max_time":2,"max_memory":256,"weight":10}],"listenerUrl":"http:\\/\\/web","submission_time":"2026-09-28 12:38:46","submission_file":"UEsDBBQAAAAAANdUPF0AAAAAAAAAAAAAAAAFAAAAY29kZS9QSwMEFAACAAgA11Q8XVae4kB9AAAApgAAAAwAAABjb2RlLzkzLmphdmErKE3KyUxWSM5JLC5W8E3MzOPlqubl4iyACBeXJJYAqbL8zBSFXKCkRnBJUWZeenSsQmJRerGmAkipAhBk5pUoZCrYKhhYQwXS8osUNCAiQAkbBUMQra2tCZUG6QMzgiuLS1Jz9fJLS\\/QKgCaX5ORpZGplasKMqQXSQFwLAFBLAwQUAAAAAADXVDxdAAAAAAAAAAAAAAAABQAAAG1pc2MvUEsDBBQAAAAAANdUPF0AAAAAAAAAAAAAAAAHAAAAb3V0cHV0L1BLAwQUAAAAAADXVDxdAAAAAAAAAAAAAAAABQAAAHRpbWUvUEsBAj8DFAAAAAAA11Q8XQAAAAAAAAAAAAAAAAUAAAAAAAAAAAAAAP9BAAAAAGNvZGUvUEsBAj8DFAACAAgA11Q8XVae4kB9AAAApgAAAAwAAAAAAAAAAAAAAKSBIwAAAGNvZGUvOTMuamF2YVBLAQI\\/AxQAAAAAANdUPF0AAAAAAAAAAAAAAAAFAAAAAAAAAAAAAAD\\/QcoAAABtaXNjL1BLAQI\\/AxQAAAAAANdUPF0AAAAAAAAAAAAAAAAHAAAAAAAAAAAAAAD\\/Qe0AAABvdXRwdXQvUEsBAj8DFAAAAAAA11Q8XQAAAAAAAAAAAAAAAAUAAAAAAAAAAAAAAP9BEgEAAHRpbWUvUEsFBgAAAAAFAAUACAEAADUBAAAAAA=="}'
Mon Sep 28 10:38:46 2026 | Preparing inout for submission 93...
Mon Sep 28 10:38:46 2026 | Inout set for submission 93 has been found in  /worker/inout/1
Mon Sep 28 10:38:46 2026 | Unpacking user's submission to problem 1 received from http://web...
Mon Sep 28 10:38:46 2026 | Executing JAVA script.
Mon Sep 28 10:38:46 2026 | Compilation of submission 93 (test 1)
Mon Sep 28 11:12:09 2026 | Worker initialization...
Mon Sep 28 11:12:09 2026 | Testing current configuration...
Mon Sep 28 11:12:13 2026 | Testing finished. No errors found.
Mon Sep 28 11:12:13 2026 | Logging directory: //logs/worker.log
Mon Sep 28 11:12:13 2026 | Successfully connected to the queue.
Mon Sep 28 11:12:13 2026 | Landlock restrictions initialized successfully.
Mon Sep 28 11:12:13 2026 | Waiting for messages. To exit press CTRL+C
Mon Sep 28 11:14:49 2026 | Received b'{"submission_id":"94","submission_type":"recheck","user_id":1,"problem_id":1,"submission_lang":"java","tests":[{"TEST_ID":1,"test_author_id":1,"problem_id":1,"max_time":2,"max_memory":256,"weight":10}],"listenerUrl":"http:\\/\\/web","submission_time":"2026-09-28 13:14:49","submission_file":"UEsDBBQAAAAAANhZPF0AAAAAAAAAAAAAAAAFAAAAY29kZS9QSwMEFAACAAgA2Fk8XVae4kB9AAAApgAAAAwAAABjb2RlLzk0LmphdmErKE3KyUxWSM5JLC5W8E3MzOPlqubl4iyACBeXJJYAqbL8zBSFXKCkRnBJUWZeenSsQmJRerGmAkipAhBk5pUoZCrYKhhYQwXS8osUNCAiQAkbBUMQra2tCZUG6QMzgiuLS1Jz9fJLS\\/QKgCaX5ORpZGplasKMqQXSQFwLAFBLAwQUAAAAAADYWTxdAAAAAAAAAAAAAAAABQAAAG1pc2MvUEsDBBQAAAAAANhZPF0AAAAAAAAAAAAAAAAHAAAAb3V0cHV0L1BLAwQUAAAAAADYWTxdAAAAAAAAAAAAAAAABQAAAHRpbWUvUEsBAj8DFAAAAAAA2Fk8XQAAAAAAAAAAAAAAAAUAAAAAAAAAAAAAAP9BAAAAAGNvZGUvUEsBAj8DFAACAAgA2Fk8XVae4kB9AAAApgAAAAwAAAAAAAAAAAAAAKSBIwAAAGNvZGUvOTQuamF2YVBLAQI\\/AxQAAAAAANhZPF0AAAAAAAAAAAAAAAAFAAAAAAAAAAAAAAD\\/QcoAAABtaXNjL1BLAQI\\/AxQAAAAAANhZPF0AAAAAAAAAAAAAAAAHAAAAAAAAAAAAAAD\\/Qe0AAABvdXRwdXQvUEsBAj8DFAAAAAAA2Fk8XQAAAAAAAAAAAAAAAAUAAAAAAAAAAAAAAP9BEgEAAHRpbWUvUEsFBgAAAAAFAAUACAEAADUBAAAAAA=="}'
Mon Sep 28 11:14:49 2026 | Preparing inout for submission 94...
Mon Sep 28 11:14:49 2026 | Inout set for submission 94 has been found in  /worker/inout/1
Mon Sep 28 11:14:49 2026 | Unpacking user's submission to problem 1 received from http://web...
Mon Sep 28 11:14:49 2026 | Executing JAVA script.
Mon Sep 28 11:14:49 2026 | Compilation of submission 94 (test 1)
